#-----------------------------------------------------------
# Vivado v2025.1 (64-bit)
# SW Build 6140274 on Thu May 22 00:12:29 MDT 2025
# IP Build 6138677 on Thu May 22 03:10:11 MDT 2025
# SharedData Build 6139179 on Tue May 20 17:58:58 MDT 2025
# Start of session at: Thu Aug 14 11:42:08 2025
# Process ID         : 9220
# Current directory  : C:/Users/micha/led_system/led_system.runs/led_system_processing_system7_0_0_synth_1
# Command line       : vivado.exe -log led_system_processing_system7_0_0.vds -product Vivado -mode batch -messageDb vivado.pb -notrace -source led_system_processing_system7_0_0.tcl
# Log file           : C:/Users/micha/led_system/led_system.runs/led_system_processing_system7_0_0_synth_1/led_system_processing_system7_0_0.vds
# Journal file       : C:/Users/micha/led_system/led_system.runs/led_system_processing_system7_0_0_synth_1\vivado.jou
# Running On         : The_Pwnerer1337
# Platform           : Windows Server 2016 or Windows 10
# Operating System   : 26100
# Processor Detail   : AMD Ryzen 5 2600 Six-Core Processor            
# CPU Frequency      : 3394 MHz
# CPU Physical cores : 6
# CPU Logical cores  : 12
# Host memory        : 34285 MB
# Swap memory        : 8589 MB
# Total Virtual      : 42875 MB
# Available Virtual  : 21174 MB
#-----------------------------------------------------------
source led_system_processing_system7_0_0.tcl -notrace
